// Jest Snapshot v1, https://goo.gl/fbAQLP

exports[`Link should be render as element 1`] = `
<a class="implementation-link " href="">
  <!---->
</a>
`;

exports[`Link should be render correctly 1`] = `<a class="implementation-link " href="https://www.test.com">Link</a><a class="implementation-link color" href="https://www.test.com">Link</a><a class="implementation-link underline" href="https://www.test.com">Link</a><a class="implementation-link color underline" href="https://www.test.com">Link</a><a class="implementation-link block" href="https://www.test.com">Link</a>`;
